// Jest Snapshot v1, https://goo.gl/fbAQLP

exports[`SwapModalFooter.tsx matches base snapshot, test trade exact input 1`] = `
<DocumentFragment>
  .c2 {
  box-sizing: border-box;
  margin: 0;
  min-width: 0;
}

.c3 {
  width: 100%;
  display: -webkit-box;
  display: -webkit-flex;
  display: -ms-flexbox;
  display: flex;
  padding: 0;
  -webkit-align-items: flex-start;
  -webkit-box-align: flex-start;
  -ms-flex-align: flex-start;
  align-items: flex-start;
  -webkit-box-pack: justify;
  -webkit-justify-content: space-between;
  -ms-flex-pack: justify;
  justify-content: space-between;
}

.c1 {
  color: #0D111C;
}

.c0 {
  display: -webkit-box;
  display: -webkit-flex;
  display: -ms-flexbox;
  display: flex;
  -webkit-flex-direction: column;
  -ms-flex-direction: column;
  flex-direction: column;
  -webkit-box-pack: start;
  -webkit-justify-content: flex-start;
  -ms-flex-pack: start;
  justify-content: flex-start;
  gap: 12px;
  padding: 0 0.5rem;
}

.c7 {
  display: inline-block;
  height: inherit;
}

.c4 {
  color: #7780A0;
  margin-right: 0.5rem;
  max-width: 75%;
}

.c5 {
  color: #0D111C;
  text-align: end;
}

.c6 {
  max-width: 45%;
  overflow-wrap: break-word;
}

<div
    class="c0"
  >
    <div
      class="c1 css-zhpkf8"
    >
      <div
        class="c2 c3"
      >
        <span
          class="c4"
        >
          Exchange rate
        </span>
        <span
          class="c5 c6"
        >
          1 DEF = 1.00 ABC 
        </span>
      </div>
    </div>
    <div
      class="c1 css-zhpkf8"
    >
      <div
        class="c2 c3"
      >
        <div
          class="c7"
        >
          <div>
            <span
              class="c4"
            >
              Network fee
            </span>
          </div>
        </div>
        <span
          class="c5 c6"
        >
          ~-
        </span>
      </div>
    </div>
    <div
      class="c1 css-zhpkf8"
    >
      <div
        class="c2 c3"
      >
        <div
          class="c7"
        >
          <div>
            <span
              class="c4"
            >
              Price impact
            </span>
          </div>
        </div>
        <span
          class="c5 c6"
        >
          105566.373%
        </span>
      </div>
    </div>
    <div
      class="c1 css-zhpkf8"
    >
      <div
        class="c2 c3"
      >
        <div
          class="c7"
        >
          <div>
            <span
              class="c4"
            >
              Minimum received
            </span>
          </div>
        </div>
        <span
          class="c5 c6"
        >
          0.00000000000000098 DEF
        </span>
      </div>
    </div>
  </div>
  .c0 {
  box-sizing: border-box;
  margin: 0;
  min-width: 0;
}

.c1 {
  width: 100%;
  display: -webkit-box;
  display: -webkit-flex;
  display: -ms-flexbox;
  display: flex;
  padding: 0;
  -webkit-align-items: center;
  -webkit-box-align: center;
  -ms-flex-align: center;
  align-items: center;
  -webkit-box-pack: start;
  -webkit-justify-content: flex-start;
  -ms-flex-pack: start;
  justify-content: flex-start;
}

.c2 {
  -webkit-flex-wrap: wrap;
  -ms-flex-wrap: wrap;
  flex-wrap: wrap;
}

.c2 > * {
  margin: !important;
}

<div
    class="c0 c1 c2"
  />
</DocumentFragment>
`;
